// Jest Snapshot v1, https://goo.gl/fbAQLP

exports[`Table renders properly 1`] = `
<styled.div>
  <styled.table
    data-cosmos-key="table"
    emptyMessage="There are no items to display"
    items={
      Array [
        Object {
          "assists": 0,
          "country": "ðŸ‡¬ðŸ‡§",
          "goals": 6,
          "image": "https://twitter-avatar.now.sh/HKane",
          "name": "Harry Kane",
        },
        Object {
          "assists": 1,
          "country": "ðŸ‡§ðŸ‡ª",
          "goals": 4,
          "image": "https://twitter-avatar.now.sh/Romelu_lukaku9",
          "name": "Romelu Lukaku",
        },
        Object {
          "assists": 2,
          "country": "ðŸ‡«ðŸ‡·",
          "goals": 4,
          "image": "https://twitter-avatar.now.sh/AntoGriezmann",
          "name": "Antoine Griezmann",
        },
        Object {
          "assists": 1,
          "country": "ðŸ‡­ðŸ‡·",
          "goals": 3,
          "image": "https://twitter-avatar.now.sh/ivanperisic44",
          "name": "Ivan PeriÅ¡iÄ‡",
        },
      ]
    }
    onRowClick={[Function]}
    onSort={null}
    rows={
      Array [
        <styled.tr
          data-cosmos-key="table.row"
          onClick={[Function]}
        >
          <styled.td
            column={
              Object {
                "children": [Function],
                "field": "image",
                "sortable": false,
                "width": "50px",
              }
            }
          >
            <Avatar
              image="https://twitter-avatar.now.sh/HKane"
              size="medium"
              type="user"
            />
          </styled.td>
          <styled.td
            column={
              Object {
                "field": "name",
                "sortable": true,
                "title": "Name",
                "width": "30%",
              }
            }
          >
            Harry Kane
          </styled.td>
          <styled.td
            column={
              Object {
                "field": "country",
                "sortable": false,
                "title": "Country",
              }
            }
          >
            ðŸ‡¬ðŸ‡§
          </styled.td>
          <styled.td
            column={
              Object {
                "field": "goals",
                "sortable": false,
                "title": "Goals",
              }
            }
          >
            6
          </styled.td>
          <styled.td
            column={
              Object {
                "field": "assists",
                "sortable": false,
                "title": "Assists",
              }
            }
          >
            0
          </styled.td>
        </styled.tr>,
        <styled.tr
          data-cosmos-key="table.row"
          onClick={[Function]}
        >
          <styled.td
            column={
              Object {
                "children": [Function],
                "field": "image",
                "sortable": false,
                "width": "50px",
              }
            }
          >
            <Avatar
              image="https://twitter-avatar.now.sh/Romelu_lukaku9"
              size="medium"
              type="user"
            />
          </styled.td>
          <styled.td
            column={
              Object {
                "field": "name",
                "sortable": true,
                "title": "Name",
                "width": "30%",
              }
            }
          >
            Romelu Lukaku
          </styled.td>
          <styled.td
            column={
              Object {
                "field": "country",
                "sortable": false,
                "title": "Country",
              }
            }
          >
            ðŸ‡§ðŸ‡ª
          </styled.td>
          <styled.td
            column={
              Object {
                "field": "goals",
                "sortable": false,
                "title": "Goals",
              }
            }
          >
            4
          </styled.td>
          <styled.td
            column={
              Object {
                "field": "assists",
                "sortable": false,
                "title": "Assists",
              }
            }
          >
            1
          </styled.td>
        </styled.tr>,
        <styled.tr
          data-cosmos-key="table.row"
          onClick={[Function]}
        >
          <styled.td
            column={
              Object {
                "children": [Function],
                "field": "image",
                "sortable": false,
                "width": "50px",
              }
            }
          >
            <Avatar
              image="https://twitter-avatar.now.sh/AntoGriezmann"
              size="medium"
              type="user"
            />
          </styled.td>
          <styled.td
            column={
              Object {
                "field": "name",
                "sortable": true,
                "title": "Name",
                "width": "30%",
              }
            }
          >
            Antoine Griezmann
          </styled.td>
          <styled.td
            column={
              Object {
                "field": "country",
                "sortable": false,
                "title": "Country",
              }
            }
          >
            ðŸ‡«ðŸ‡·
          </styled.td>
          <styled.td
            column={
              Object {
                "field": "goals",
                "sortable": false,
                "title": "Goals",
              }
            }
          >
            4
          </styled.td>
          <styled.td
            column={
              Object {
                "field": "assists",
                "sortable": false,
                "title": "Assists",
              }
            }
          >
            2
          </styled.td>
        </styled.tr>,
        <styled.tr
          data-cosmos-key="table.row"
          onClick={[Function]}
        >
          <styled.td
            column={
              Object {
                "children": [Function],
                "field": "image",
                "sortable": false,
                "width": "50px",
              }
            }
          >
            <Avatar
              image="https://twitter-avatar.now.sh/ivanperisic44"
              size="medium"
              type="user"
            />
          </styled.td>
          <styled.td
            column={
              Object {
                "field": "name",
                "sortable": true,
                "title": "Name",
                "width": "30%",
              }
            }
          >
            Ivan PeriÅ¡iÄ‡
          </styled.td>
          <styled.td
            column={
              Object {
                "field": "country",
                "sortable": false,
                "title": "Country",
              }
            }
          >
            ðŸ‡­ðŸ‡·
          </styled.td>
          <styled.td
            column={
              Object {
                "field": "goals",
                "sortable": false,
                "title": "Goals",
              }
            }
          >
            3
          </styled.td>
          <styled.td
            column={
              Object {
                "field": "assists",
                "sortable": false,
                "title": "Assists",
              }
            }
          >
            1
          </styled.td>
        </styled.tr>,
      ]
    }
    sortDirection="asc"
  >
    <TableHeader
      columns={
        Array [
          Object {
            "children": [Function],
            "field": "image",
            "sortable": false,
            "width": "50px",
          },
          Object {
            "field": "name",
            "sortable": true,
            "title": "Name",
            "width": "30%",
          },
          Object {
            "field": "country",
            "sortable": false,
            "title": "Country",
          },
          Object {
            "field": "goals",
            "sortable": false,
            "title": "Goals",
          },
          Object {
            "field": "assists",
            "sortable": false,
            "title": "Assists",
          },
        ]
      }
      onSort={[Function]}
      sortDirection="asc"
      sortingColumn={
        Object {
          "field": "name",
          "sortable": true,
          "title": "Name",
          "width": "30%",
        }
      }
    />
    <styled.tbody
      data-cosmos-key="table.body"
    >
      <styled.tr
        data-cosmos-key="table.row"
        key="row-0"
        onClick={[Function]}
      >
        <styled.td
          column={
            Object {
              "children": [Function],
              "field": "image",
              "sortable": false,
              "width": "50px",
            }
          }
          key="image"
        >
          <Avatar
            image="https://twitter-avatar.now.sh/HKane"
            size="medium"
            type="user"
          />
        </styled.td>
        <styled.td
          column={
            Object {
              "field": "name",
              "sortable": true,
              "title": "Name",
              "width": "30%",
            }
          }
          key="name"
        >
          Harry Kane
        </styled.td>
        <styled.td
          column={
            Object {
              "field": "country",
              "sortable": false,
              "title": "Country",
            }
          }
          key="country"
        >
          ðŸ‡¬ðŸ‡§
        </styled.td>
        <styled.td
          column={
            Object {
              "field": "goals",
              "sortable": false,
              "title": "Goals",
            }
          }
          key="goals"
        >
          6
        </styled.td>
        <styled.td
          column={
            Object {
              "field": "assists",
              "sortable": false,
              "title": "Assists",
            }
          }
          key="assists"
        >
          0
        </styled.td>
      </styled.tr>
      <styled.tr
        data-cosmos-key="table.row"
        key="row-1"
        onClick={[Function]}
      >
        <styled.td
          column={
            Object {
              "children": [Function],
              "field": "image",
              "sortable": false,
              "width": "50px",
            }
          }
          key="image"
        >
          <Avatar
            image="https://twitter-avatar.now.sh/Romelu_lukaku9"
            size="medium"
            type="user"
          />
        </styled.td>
        <styled.td
          column={
            Object {
              "field": "name",
              "sortable": true,
              "title": "Name",
              "width": "30%",
            }
          }
          key="name"
        >
          Romelu Lukaku
        </styled.td>
        <styled.td
          column={
            Object {
              "field": "country",
              "sortable": false,
              "title": "Country",
            }
          }
          key="country"
        >
          ðŸ‡§ðŸ‡ª
        </styled.td>
        <styled.td
          column={
            Object {
              "field": "goals",
              "sortable": false,
              "title": "Goals",
            }
          }
          key="goals"
        >
          4
        </styled.td>
        <styled.td
          column={
            Object {
              "field": "assists",
              "sortable": false,
              "title": "Assists",
            }
          }
          key="assists"
        >
          1
        </styled.td>
      </styled.tr>
      <styled.tr
        data-cosmos-key="table.row"
        key="row-2"
        onClick={[Function]}
      >
        <styled.td
          column={
            Object {
              "children": [Function],
              "field": "image",
              "sortable": false,
              "width": "50px",
            }
          }
          key="image"
        >
          <Avatar
            image="https://twitter-avatar.now.sh/AntoGriezmann"
            size="medium"
            type="user"
          />
        </styled.td>
        <styled.td
          column={
            Object {
              "field": "name",
              "sortable": true,
              "title": "Name",
              "width": "30%",
            }
          }
          key="name"
        >
          Antoine Griezmann
        </styled.td>
        <styled.td
          column={
            Object {
              "field": "country",
              "sortable": false,
              "title": "Country",
            }
          }
          key="country"
        >
          ðŸ‡«ðŸ‡·
        </styled.td>
        <styled.td
          column={
            Object {
              "field": "goals",
              "sortable": false,
              "title": "Goals",
            }
          }
          key="goals"
        >
          4
        </styled.td>
        <styled.td
          column={
            Object {
              "field": "assists",
              "sortable": false,
              "title": "Assists",
            }
          }
          key="assists"
        >
          2
        </styled.td>
      </styled.tr>
      <styled.tr
        data-cosmos-key="table.row"
        key="row-3"
        onClick={[Function]}
      >
        <styled.td
          column={
            Object {
              "children": [Function],
              "field": "image",
              "sortable": false,
              "width": "50px",
            }
          }
          key="image"
        >
          <Avatar
            image="https://twitter-avatar.now.sh/ivanperisic44"
            size="medium"
            type="user"
          />
        </styled.td>
        <styled.td
          column={
            Object {
              "field": "name",
              "sortable": true,
              "title": "Name",
              "width": "30%",
            }
          }
          key="name"
        >
          Ivan PeriÅ¡iÄ‡
        </styled.td>
        <styled.td
          column={
            Object {
              "field": "country",
              "sortable": false,
              "title": "Country",
            }
          }
          key="country"
        >
          ðŸ‡­ðŸ‡·
        </styled.td>
        <styled.td
          column={
            Object {
              "field": "goals",
              "sortable": false,
              "title": "Goals",
            }
          }
          key="goals"
        >
          3
        </styled.td>
        <styled.td
          column={
            Object {
              "field": "assists",
              "sortable": false,
              "title": "Assists",
            }
          }
          key="assists"
        >
          1
        </styled.td>
      </styled.tr>
    </styled.tbody>
  </styled.table>
  <Component
    rows={
      Array [
        <styled.tr
          data-cosmos-key="table.row"
          onClick={[Function]}
        >
          <styled.td
            column={
              Object {
                "children": [Function],
                "field": "image",
                "sortable": false,
                "width": "50px",
              }
            }
          >
            <Avatar
              image="https://twitter-avatar.now.sh/HKane"
              size="medium"
              type="user"
            />
          </styled.td>
          <styled.td
            column={
              Object {
                "field": "name",
                "sortable": true,
                "title": "Name",
                "width": "30%",
              }
            }
          >
            Harry Kane
          </styled.td>
          <styled.td
            column={
              Object {
                "field": "country",
                "sortable": false,
                "title": "Country",
              }
            }
          >
            ðŸ‡¬ðŸ‡§
          </styled.td>
          <styled.td
            column={
              Object {
                "field": "goals",
                "sortable": false,
                "title": "Goals",
              }
            }
          >
            6
          </styled.td>
          <styled.td
            column={
              Object {
                "field": "assists",
                "sortable": false,
                "title": "Assists",
              }
            }
          >
            0
          </styled.td>
        </styled.tr>,
        <styled.tr
          data-cosmos-key="table.row"
          onClick={[Function]}
        >
          <styled.td
            column={
              Object {
                "children": [Function],
                "field": "image",
                "sortable": false,
                "width": "50px",
              }
            }
          >
            <Avatar
              image="https://twitter-avatar.now.sh/Romelu_lukaku9"
              size="medium"
              type="user"
            />
          </styled.td>
          <styled.td
            column={
              Object {
                "field": "name",
                "sortable": true,
                "title": "Name",
                "width": "30%",
              }
            }
          >
            Romelu Lukaku
          </styled.td>
          <styled.td
            column={
              Object {
                "field": "country",
                "sortable": false,
                "title": "Country",
              }
            }
          >
            ðŸ‡§ðŸ‡ª
          </styled.td>
          <styled.td
            column={
              Object {
                "field": "goals",
                "sortable": false,
                "title": "Goals",
              }
            }
          >
            4
          </styled.td>
          <styled.td
            column={
              Object {
                "field": "assists",
                "sortable": false,
                "title": "Assists",
              }
            }
          >
            1
          </styled.td>
        </styled.tr>,
        <styled.tr
          data-cosmos-key="table.row"
          onClick={[Function]}
        >
          <styled.td
            column={
              Object {
                "children": [Function],
                "field": "image",
                "sortable": false,
                "width": "50px",
              }
            }
          >
            <Avatar
              image="https://twitter-avatar.now.sh/AntoGriezmann"
              size="medium"
              type="user"
            />
          </styled.td>
          <styled.td
            column={
              Object {
                "field": "name",
                "sortable": true,
                "title": "Name",
                "width": "30%",
              }
            }
          >
            Antoine Griezmann
          </styled.td>
          <styled.td
            column={
              Object {
                "field": "country",
                "sortable": false,
                "title": "Country",
              }
            }
          >
            ðŸ‡«ðŸ‡·
          </styled.td>
          <styled.td
            column={
              Object {
                "field": "goals",
                "sortable": false,
                "title": "Goals",
              }
            }
          >
            4
          </styled.td>
          <styled.td
            column={
              Object {
                "field": "assists",
                "sortable": false,
                "title": "Assists",
              }
            }
          >
            2
          </styled.td>
        </styled.tr>,
        <styled.tr
          data-cosmos-key="table.row"
          onClick={[Function]}
        >
          <styled.td
            column={
              Object {
                "children": [Function],
                "field": "image",
                "sortable": false,
                "width": "50px",
              }
            }
          >
            <Avatar
              image="https://twitter-avatar.now.sh/ivanperisic44"
              size="medium"
              type="user"
            />
          </styled.td>
          <styled.td
            column={
              Object {
                "field": "name",
                "sortable": true,
                "title": "Name",
                "width": "30%",
              }
            }
          >
            Ivan PeriÅ¡iÄ‡
          </styled.td>
          <styled.td
            column={
              Object {
                "field": "country",
                "sortable": false,
                "title": "Country",
              }
            }
          >
            ðŸ‡­ðŸ‡·
          </styled.td>
          <styled.td
            column={
              Object {
                "field": "goals",
                "sortable": false,
                "title": "Goals",
              }
            }
          >
            3
          </styled.td>
          <styled.td
            column={
              Object {
                "field": "assists",
                "sortable": false,
                "title": "Assists",
              }
            }
          >
            1
          </styled.td>
        </styled.tr>,
      ]
    }
  >
    There are no items to display
  </Component>
  <Component
    rows={
      Array [
        <styled.tr
          data-cosmos-key="table.row"
          onClick={[Function]}
        >
          <styled.td
            column={
              Object {
                "children": [Function],
                "field": "image",
                "sortable": false,
                "width": "50px",
              }
            }
          >
            <Avatar
              image="https://twitter-avatar.now.sh/HKane"
              size="medium"
              type="user"
            />
          </styled.td>
          <styled.td
            column={
              Object {
                "field": "name",
                "sortable": true,
                "title": "Name",
                "width": "30%",
              }
            }
          >
            Harry Kane
          </styled.td>
          <styled.td
            column={
              Object {
                "field": "country",
                "sortable": false,
                "title": "Country",
              }
            }
          >
            ðŸ‡¬ðŸ‡§
          </styled.td>
          <styled.td
            column={
              Object {
                "field": "goals",
                "sortable": false,
                "title": "Goals",
              }
            }
          >
            6
          </styled.td>
          <styled.td
            column={
              Object {
                "field": "assists",
                "sortable": false,
                "title": "Assists",
              }
            }
          >
            0
          </styled.td>
        </styled.tr>,
        <styled.tr
          data-cosmos-key="table.row"
          onClick={[Function]}
        >
          <styled.td
            column={
              Object {
                "children": [Function],
                "field": "image",
                "sortable": false,
                "width": "50px",
              }
            }
          >
            <Avatar
              image="https://twitter-avatar.now.sh/Romelu_lukaku9"
              size="medium"
              type="user"
            />
          </styled.td>
          <styled.td
            column={
              Object {
                "field": "name",
                "sortable": true,
                "title": "Name",
                "width": "30%",
              }
            }
          >
            Romelu Lukaku
          </styled.td>
          <styled.td
            column={
              Object {
                "field": "country",
                "sortable": false,
                "title": "Country",
              }
            }
          >
            ðŸ‡§ðŸ‡ª
          </styled.td>
          <styled.td
            column={
              Object {
                "field": "goals",
                "sortable": false,
                "title": "Goals",
              }
            }
          >
            4
          </styled.td>
          <styled.td
            column={
              Object {
                "field": "assists",
                "sortable": false,
                "title": "Assists",
              }
            }
          >
            1
          </styled.td>
        </styled.tr>,
        <styled.tr
          data-cosmos-key="table.row"
          onClick={[Function]}
        >
          <styled.td
            column={
              Object {
                "children": [Function],
                "field": "image",
                "sortable": false,
                "width": "50px",
              }
            }
          >
            <Avatar
              image="https://twitter-avatar.now.sh/AntoGriezmann"
              size="medium"
              type="user"
            />
          </styled.td>
          <styled.td
            column={
              Object {
                "field": "name",
                "sortable": true,
                "title": "Name",
                "width": "30%",
              }
            }
          >
            Antoine Griezmann
          </styled.td>
          <styled.td
            column={
              Object {
                "field": "country",
                "sortable": false,
                "title": "Country",
              }
            }
          >
            ðŸ‡«ðŸ‡·
          </styled.td>
          <styled.td
            column={
              Object {
                "field": "goals",
                "sortable": false,
                "title": "Goals",
              }
            }
          >
            4
          </styled.td>
          <styled.td
            column={
              Object {
                "field": "assists",
                "sortable": false,
                "title": "Assists",
              }
            }
          >
            2
          </styled.td>
        </styled.tr>,
        <styled.tr
          data-cosmos-key="table.row"
          onClick={[Function]}
        >
          <styled.td
            column={
              Object {
                "children": [Function],
                "field": "image",
                "sortable": false,
                "width": "50px",
              }
            }
          >
            <Avatar
              image="https://twitter-avatar.now.sh/ivanperisic44"
              size="medium"
              type="user"
            />
          </styled.td>
          <styled.td
            column={
              Object {
                "field": "name",
                "sortable": true,
                "title": "Name",
                "width": "30%",
              }
            }
          >
            Ivan PeriÅ¡iÄ‡
          </styled.td>
          <styled.td
            column={
              Object {
                "field": "country",
                "sortable": false,
                "title": "Country",
              }
            }
          >
            ðŸ‡­ðŸ‡·
          </styled.td>
          <styled.td
            column={
              Object {
                "field": "goals",
                "sortable": false,
                "title": "Goals",
              }
            }
          >
            3
          </styled.td>
          <styled.td
            column={
              Object {
                "field": "assists",
                "sortable": false,
                "title": "Assists",
              }
            }
          >
            1
          </styled.td>
        </styled.tr>,
      ]
    }
  />
</styled.div>
`;
