// Jest Snapshot v1, https://goo.gl/fbAQLP

exports[`Tabs renders with automation attribute 1`] = `
.c0 {
  border-bottom: 1px solid #D9D9D9;
}

.c0 .c1:last-child {
  margin-right: 0;
}

.c2 {
  display: inline-block;
  padding: 16px 0;
  margin-right: 32px;
  color: #0a84ae;
  cursor: pointer;
  border-bottom: 1px solid transparent;
  margin-bottom: -1px;
}

.c2:hover {
  color: #053b4e;
}

<div
  className=""
  data-cosmos-key="tabs"
>
  <div
    className="c0"
  >
    <a
      className="c1 c2"
      data-cosmos-key="tabs.item"
      onClick={[Function]}
      selected={false}
    >
      Tab 1
    </a>
  </div>
</div>
`;
