// Jest Snapshot v1, https://goo.gl/fbAQLP

exports[`PageHeader renders with automation attribute 1`] = `
.c0 {
  margin-bottom: 32px;
}

.c0 .c1 {
  float: right;
}

.c0 .c3 {
  margin: 0;
  margin-bottom: 8px;
}

.c2 {
  display: -webkit-box;
  display: -webkit-flex;
  display: -ms-flexbox;
  display: flex;
  -webkit-box-pack: end;
  -webkit-justify-content: flex-end;
  -ms-flex-pack: end;
  justify-content: flex-end;
}

.c2 .cosmos-tooltip {
  left: 58%;
}

.c2 .sc-gqjmRU {
  margin-left: 8px;
}

.c2 .sc-gqjmRU:first-child {
  margin-left: 0;
}

.c4 {
  margin: 1em 0;
  color: #212121;
  font-weight: 400;
  line-height: 1.3;
  font-size: 36px;
}

.c5 {
  margin-top: 32px;
  margin-bottom: 0;
}

.c5:hover .sc-iQKALj {
  border-color: transparent transparent transparent #053b4e;
}

.c5:hover .sc-bwCtUz {
  color: #053b4e;
}

.c6 {
  margin: 1em 0;
  color: #212121;
  font-size: 14px;
  font-weight: 400;
}

<div
  className="c0"
  data-cosmos-key="page-header"
>
  <div
    className="c1 c2"
    data-cosmos-key="button-group"
  />
  <h1
    className="c3 c4"
    size={1}
  >
    
  </h1>
  <p
    className="c5 c6"
  >
    description
     
  </p>
</div>
`;
