// Jest Snapshot v1, https://goo.gl/fbAQLP

exports[`Pager renders with automation attribute 1`] = `
.c0 {
  display: -webkit-box;
  display: -webkit-flex;
  display: -ms-flexbox;
  display: flex;
  -webkit-box-pack: justify;
  -webkit-justify-content: space-between;
  -ms-flex-pack: justify;
  justify-content: space-between;
  -webkit-align-items: center;
  -webkit-box-align: center;
  -ms-flex-align: center;
  align-items: center;
}

.c1 {
  padding-right: 11px;
  padding-left: 7px;
  padding-top: 2px;
}

.c1 .c4 {
  margin: 0;
}

.c8 {
  padding-left: 11px;
  padding-right: 7px;
  padding-top: 2px;
}

.c8 .c4 {
  margin: 0;
}

.c2 {
  display: inline-block;
  min-height: 34px;
  line-height: 34px;
  min-width: auto;
  box-sizing: border-box;
  text-transform: uppercase;
  text-align: center;
  white-space: nowrap;
  -webkit-letter-spacing: 1px;
  -moz-letter-spacing: 1px;
  -ms-letter-spacing: 1px;
  letter-spacing: 1px;
  font-size: 13px;
  font-weight: 500;
  background: transparent;
  border: 1px solid;
  border-color: #D0D2D3;
  border-radius: 3px;
  color: #333;
  padding: 0 16px;
  opacity: 1;
  cursor: pointer;
  -webkit-transition: border-color 0.25s,background 0.25s;
  transition: border-color 0.25s,background 0.25s;
}

.c2 .c4,
.c2 .sc-iwsKbI {
  position: relative;
  top: -1px;
  margin-right: 8px;
}

.c2 .c4 {
  color: #333;
}

.c2:hover {
  color: #333;
  background: rgba(0,0,0,0.05);
  border-color: #B5B7B8;
}

.c2:focus {
  background: rgba(0,0,0,0.05);
  border-color: #B5B7B8;
  outline: none;
}

.c2:active {
  background: #DADADA;
  border-color: #DADADA;
  outline: none;
}

.c3 {
  display: inline-block;
  vertical-align: middle;
}

.c5 {
  display: inline-block;
  line-height: 1;
  width: 20px;
  height: 20px;
}

.c6 {
  display: inline-block;
  vertical-align: middle;
  line-height: 1;
  width: 20px;
  height: 20px;
}

.c6 path {
  fill: #333;
}

.c7 {
  display: -webkit-box;
  display: -webkit-flex;
  display: -ms-flexbox;
  display: flex;
  -webkit-flex-direction: row;
  -ms-flex-direction: row;
  flex-direction: row;
  -webkit-align-items: center;
  -webkit-box-align: center;
  -ms-flex-align: center;
  align-items: center;
}

<div
  className="c0"
  data-cosmos-key="pager"
>
  <button
    className="c1 c2"
    data-cosmos-key="button"
    disabled={false}
    icon={null}
    onClick={[Function]}
    size="compressed"
  >
    <span
      className="c3"
    >
      <i
        className="c4 c5"
        color="default"
        name="chevron-left"
        size={20}
      >
        <svg
          className="c6"
          color="#333"
          height={20}
          viewBox="0 0 20 20"
          width={20}
        >
          <path
            d="M6 9.659a.524.524 0 0 0 .152.394c.024.024.06.017.086.035l6.618 6.072a.53.53 0 0 0 .748-.749L7.331 9.657l6.274-5.755a.528.528 0 1 0-.748-.747L6.24 9.223c-.028.02-.065.013-.09.038a.522.522 0 0 0-.15.398z"
          />
        </svg>
      </i>
       Newer
    </span>
  </button>
  <div
    className="c7"
  >
    Showing 21 - 30 of 20372
  </div>
  <button
    className="c8 c2"
    data-cosmos-key="button"
    disabled={false}
    icon={null}
    onClick={[Function]}
    size="compressed"
  >
    <span
      className="c3"
    >
      Older 
      <i
        className="c4 c5"
        color="default"
        name="chevron-right"
        size={20}
      >
        <svg
          className="c6"
          color="#333"
          height={20}
          viewBox="0 0 20 20"
          width={20}
        >
          <path
            d="M13.76 9.659a.524.524 0 0 1-.152.394c-.024.024-.06.017-.087.035L6.903 16.16a.53.53 0 0 1-.747-.749l6.273-5.754-6.274-5.755a.528.528 0 1 1 .748-.747l6.616 6.068c.028.02.065.013.09.038.11.109.156.254.15.398z"
          />
        </svg>
      </i>
    </span>
  </button>
</div>
`;
